// Jest Snapshot v1, https://goo.gl/fbAQLP

exports[`<AgentCard /> should match the snapshot 1`] = `"<div class=\\"MuiPaper-root MuiCard-root agent-card MuiPaper-elevation8 MuiPaper-rounded\\"><div class=\\"MuiCardContent-root agent-card-content\\"><div class=\\"MuiAvatar-root MuiAvatar-circle makeStyles-large-1\\"><img alt=\\"agent - James Okorocha\\" src=\\"https://randomuser.me/api/portraits/men/75.jpg\\" class=\\"MuiAvatar-img\\"/></div><h4 class=\\"MuiTypography-root MuiTypography-h4\\">James Okorocha</h4><h6 class=\\"MuiTypography-root MuiTypography-subtitle1\\">james.o@gmail.com</h6><h6 class=\\"MuiTypography-root MuiTypography-subtitle2\\">(123) 456-7899</h6><h6 class=\\"MuiTypography-root MuiTypography-subtitle2\\">no. 10 Ojoro Street. Nakupenda</h6><h6 class=\\"MuiTypography-root MuiTypography-subtitle2\\">zip code: 101233</h6></div></div>"`;
